2025-05-16 09:50:04,318 - wallet_gui - INFO - Starting wallet GUI monitor for B55Us2Me3QrBKYQGquTaGEw85KUz9mcBPdaHbfoGkdtJ
2025-05-16 09:51:02,300 - wallet_gui - INFO - Starting wallet GUI monitor for B55Us2Me3QrBKYQGquTaGEw85KUz9mcBPdaHbfoGkdtJ
2025-05-16 09:51:03,193 - wallet_gui - INFO - GUI window created successfully
2025-05-16 09:51:04,001 - wallet_gui - INFO - Found 0 tokens in wallet
2025-05-16 09:51:14,662 - wallet_gui - INFO - Found 0 tokens in wallet
2025-05-16 09:51:25,219 - wallet_gui - INFO - Found 0 tokens in wallet
2025-05-16 09:51:30,737 - wallet_gui - INFO - Found 0 tokens in wallet
2025-05-16 09:51:35,729 - wallet_gui - INFO - Found 0 tokens in wallet
2025-05-16 09:51:46,323 - wallet_gui - INFO - Found 0 tokens in wallet
2025-05-16 09:51:57,079 - wallet_gui - INFO - Found 0 tokens in wallet
2025-05-16 09:52:08,174 - wallet_gui - INFO - Found 1 tokens in wallet
2025-05-16 09:52:18,790 - wallet_gui - INFO - Found 1 tokens in wallet
2025-05-16 09:52:29,517 - wallet_gui - INFO - Found 1 tokens in wallet
2025-05-16 09:52:40,247 - wallet_gui - INFO - Found 1 tokens in wallet
2025-05-16 09:52:50,975 - wallet_gui - INFO - Found 1 tokens in wallet
2025-05-16 09:53:01,789 - wallet_gui - INFO - Found 1 tokens in wallet
2025-05-16 09:53:12,525 - wallet_gui - INFO - Found 1 tokens in wallet
2025-05-16 09:53:23,265 - wallet_gui - INFO - Found 1 tokens in wallet
2025-05-16 09:53:34,015 - wallet_gui - INFO - Found 1 tokens in wallet
2025-05-16 09:53:36,780 - wallet_gui - INFO - Exiting application
2025-05-16 09:53:36,802 - wallet_gui - INFO - GUI closed
2025-05-16 09:55:38,765 - wallet_gui - INFO - Starting wallet GUI monitor for B55Us2Me3QrBKYQGquTaGEw85KUz9mcBPdaHbfoGkdtJ
2025-05-16 09:55:38,942 - wallet_gui - INFO - GUI window created successfully
2025-05-16 09:55:41,231 - wallet_gui - INFO - Found 1 tokens in wallet
2025-05-16 09:55:51,781 - wallet_gui - INFO - Found 1 tokens in wallet
2025-05-16 09:56:02,498 - wallet_gui - INFO - Found 1 tokens in wallet
2025-05-16 09:56:13,299 - wallet_gui - INFO - Found 1 tokens in wallet
2025-05-16 09:56:24,047 - wallet_gui - INFO - Found 1 tokens in wallet
2025-05-16 09:56:34,776 - wallet_gui - INFO - Found 1 tokens in wallet
2025-05-16 09:56:45,482 - wallet_gui - INFO - Found 1 tokens in wallet
2025-05-16 09:56:56,302 - wallet_gui - INFO - Found 1 tokens in wallet
2025-05-16 09:57:07,018 - wallet_gui - INFO - Found 1 tokens in wallet
2025-05-16 09:57:17,768 - wallet_gui - INFO - Found 1 tokens in wallet
2025-05-16 09:57:28,480 - wallet_gui - INFO - Found 1 tokens in wallet
2025-05-16 09:57:39,224 - wallet_gui - INFO - Found 1 tokens in wallet
2025-05-16 09:57:49,940 - wallet_gui - INFO - Found 1 tokens in wallet
2025-05-16 09:58:00,631 - wallet_gui - INFO - Found 1 tokens in wallet
2025-05-16 09:58:14,674 - wallet_gui - INFO - Starting wallet GUI monitor for B55Us2Me3QrBKYQGquTaGEw85KUz9mcBPdaHbfoGkdtJ
2025-05-16 09:58:14,824 - wallet_gui - INFO - GUI window created successfully
2025-05-16 09:58:17,194 - wallet_gui - INFO - Updated price for J27UYHX5oeaG1YbUGQc8BmJySXDjNWChdGB2Pi2TMDAq: 2.0982e-05 SOL
2025-05-16 09:58:17,206 - wallet_gui - INFO - Found 1 tokens in wallet
2025-05-16 09:58:18,460 - wallet_gui - INFO - Found 1 tokens in wallet
2025-05-16 09:58:19,761 - wallet_gui - INFO - Found 1 tokens in wallet
2025-05-16 09:58:20,993 - wallet_gui - INFO - Found 1 tokens in wallet
2025-05-16 09:58:22,240 - wallet_gui - INFO - Found 1 tokens in wallet
2025-05-16 09:58:23,454 - wallet_gui - INFO - Found 1 tokens in wallet
2025-05-16 09:58:24,698 - wallet_gui - INFO - Found 1 tokens in wallet
2025-05-16 09:58:25,926 - wallet_gui - INFO - Found 1 tokens in wallet
2025-05-16 09:58:27,216 - wallet_gui - INFO - Found 1 tokens in wallet
2025-05-16 09:58:28,438 - wallet_gui - INFO - Found 1 tokens in wallet
2025-05-16 09:58:29,635 - wallet_gui - INFO - Found 1 tokens in wallet
2025-05-16 09:58:30,886 - wallet_gui - INFO - Found 1 tokens in wallet
2025-05-16 09:58:32,172 - wallet_gui - INFO - Found 1 tokens in wallet
2025-05-16 09:58:33,386 - wallet_gui - INFO - Found 1 tokens in wallet
2025-05-16 09:58:34,629 - wallet_gui - INFO - Found 1 tokens in wallet
2025-05-16 09:58:35,886 - wallet_gui - INFO - Found 1 tokens in wallet
2025-05-16 09:58:37,119 - wallet_gui - INFO - Found 1 tokens in wallet
2025-05-16 09:58:38,392 - wallet_gui - INFO - Found 1 tokens in wallet
2025-05-16 09:58:39,615 - wallet_gui - INFO - Found 1 tokens in wallet
2025-05-16 09:58:40,827 - wallet_gui - INFO - Found 1 tokens in wallet
2025-05-16 09:58:42,110 - wallet_gui - INFO - Found 1 tokens in wallet
2025-05-16 09:58:43,416 - wallet_gui - INFO - Found 1 tokens in wallet
2025-05-16 09:58:44,644 - wallet_gui - INFO - Found 1 tokens in wallet
2025-05-16 09:58:45,853 - wallet_gui - INFO - Found 1 tokens in wallet
2025-05-16 09:58:47,090 - wallet_gui - INFO - Found 1 tokens in wallet
2025-05-16 09:58:48,275 - wallet_gui - INFO - Found 1 tokens in wallet
2025-05-16 09:58:49,496 - wallet_gui - INFO - Found 1 tokens in wallet
2025-05-16 09:58:50,679 - wallet_gui - INFO - Found 1 tokens in wallet
2025-05-16 09:58:51,911 - wallet_gui - INFO - Found 1 tokens in wallet
2025-05-16 09:58:53,111 - wallet_gui - INFO - Found 1 tokens in wallet
2025-05-16 09:58:54,323 - wallet_gui - INFO - Found 1 tokens in wallet
2025-05-16 09:58:55,557 - wallet_gui - INFO - Found 1 tokens in wallet
2025-05-16 09:58:56,843 - wallet_gui - INFO - Found 1 tokens in wallet
2025-05-16 09:58:58,045 - wallet_gui - INFO - Found 1 tokens in wallet
2025-05-16 09:58:59,271 - wallet_gui - INFO - Found 1 tokens in wallet
2025-05-16 09:59:00,485 - wallet_gui - INFO - Found 1 tokens in wallet
2025-05-16 09:59:01,725 - wallet_gui - INFO - Found 1 tokens in wallet
2025-05-16 09:59:03,007 - wallet_gui - INFO - Found 1 tokens in wallet
2025-05-16 09:59:04,182 - wallet_gui - INFO - Found 1 tokens in wallet
2025-05-16 09:59:05,446 - wallet_gui - INFO - Found 1 tokens in wallet
2025-05-16 09:59:06,663 - wallet_gui - INFO - Found 1 tokens in wallet
2025-05-16 09:59:07,849 - wallet_gui - INFO - Found 1 tokens in wallet
2025-05-16 09:59:09,075 - wallet_gui - INFO - Found 1 tokens in wallet
2025-05-16 09:59:10,294 - wallet_gui - INFO - Found 1 tokens in wallet
2025-05-16 09:59:11,548 - wallet_gui - INFO - Found 1 tokens in wallet
2025-05-16 09:59:12,765 - wallet_gui - INFO - Found 1 tokens in wallet
2025-05-16 09:59:13,967 - wallet_gui - INFO - Found 1 tokens in wallet
2025-05-16 09:59:15,225 - wallet_gui - INFO - Found 1 tokens in wallet
2025-05-16 09:59:16,414 - wallet_gui - INFO - Found 1 tokens in wallet
2025-05-16 09:59:17,689 - wallet_gui - INFO - Found 1 tokens in wallet
2025-05-16 09:59:18,971 - wallet_gui - INFO - Found 1 tokens in wallet
2025-05-16 09:59:20,175 - wallet_gui - INFO - Found 1 tokens in wallet
2025-05-16 09:59:21,399 - wallet_gui - INFO - Found 1 tokens in wallet
2025-05-16 09:59:22,732 - wallet_gui - INFO - Found 1 tokens in wallet
2025-05-16 09:59:23,983 - wallet_gui - INFO - Found 1 tokens in wallet
2025-05-16 09:59:25,238 - wallet_gui - INFO - Found 1 tokens in wallet
2025-05-16 09:59:26,515 - wallet_gui - INFO - Found 1 tokens in wallet
2025-05-16 09:59:27,742 - wallet_gui - INFO - Found 1 tokens in wallet
2025-05-16 09:59:28,944 - wallet_gui - INFO - Found 1 tokens in wallet
2025-05-16 09:59:30,140 - wallet_gui - INFO - Found 1 tokens in wallet
2025-05-16 09:59:31,364 - wallet_gui - INFO - Found 1 tokens in wallet
2025-05-16 09:59:32,610 - wallet_gui - INFO - Found 1 tokens in wallet
2025-05-16 09:59:33,852 - wallet_gui - INFO - Found 1 tokens in wallet
2025-05-16 09:59:35,037 - wallet_gui - INFO - Found 1 tokens in wallet
2025-05-16 09:59:36,250 - wallet_gui - INFO - Found 1 tokens in wallet
2025-05-16 09:59:37,493 - wallet_gui - INFO - Found 1 tokens in wallet
2025-05-16 09:59:38,741 - wallet_gui - INFO - Found 1 tokens in wallet
2025-05-16 09:59:39,980 - wallet_gui - INFO - Found 1 tokens in wallet
2025-05-16 09:59:41,195 - wallet_gui - INFO - Found 1 tokens in wallet
2025-05-16 09:59:42,410 - wallet_gui - INFO - Found 1 tokens in wallet
2025-05-16 09:59:43,649 - wallet_gui - INFO - Found 1 tokens in wallet
2025-05-16 09:59:44,909 - wallet_gui - INFO - Found 1 tokens in wallet
2025-05-16 09:59:46,150 - wallet_gui - INFO - Found 1 tokens in wallet
2025-05-16 09:59:47,371 - wallet_gui - INFO - Found 1 tokens in wallet
2025-05-16 09:59:48,612 - wallet_gui - INFO - Found 1 tokens in wallet
2025-05-16 09:59:49,860 - wallet_gui - INFO - Found 1 tokens in wallet
2025-05-16 09:59:51,051 - wallet_gui - INFO - Found 1 tokens in wallet
2025-05-16 09:59:52,274 - wallet_gui - INFO - Found 1 tokens in wallet
2025-05-16 09:59:53,471 - wallet_gui - INFO - Found 0 tokens in wallet
2025-05-16 09:59:54,682 - wallet_gui - INFO - Found 0 tokens in wallet
2025-05-16 09:59:55,913 - wallet_gui - INFO - Found 0 tokens in wallet
2025-05-16 09:59:57,136 - wallet_gui - INFO - Found 0 tokens in wallet
2025-05-16 09:59:58,361 - wallet_gui - INFO - Found 0 tokens in wallet
2025-05-16 09:59:59,578 - wallet_gui - INFO - Found 0 tokens in wallet
2025-05-16 09:59:59,746 - wallet_gui - INFO - Exiting application
2025-05-16 09:59:59,766 - wallet_gui - INFO - GUI closed
2025-05-16 10:05:45,233 - wallet_gui - INFO - Starting wallet GUI monitor for B55Us2Me3QrBKYQGquTaGEw85KUz9mcBPdaHbfoGkdtJ
2025-05-16 10:05:45,407 - wallet_gui - INFO - GUI window created successfully
2025-05-16 10:05:46,146 - wallet_gui - INFO - Found 0 tokens in wallet
2025-05-16 10:05:47,238 - wallet_gui - INFO - Found 0 tokens in wallet
2025-05-16 10:05:48,363 - wallet_gui - INFO - Found 0 tokens in wallet
2025-05-16 10:05:49,497 - wallet_gui - INFO - Found 0 tokens in wallet
2025-05-16 10:05:50,632 - wallet_gui - INFO - Found 0 tokens in wallet
2025-05-16 10:05:51,696 - wallet_gui - INFO - Found 0 tokens in wallet
2025-05-16 10:05:52,782 - wallet_gui - INFO - Found 0 tokens in wallet
2025-05-16 10:05:54,020 - wallet_gui - INFO - Found 0 tokens in wallet
2025-05-16 10:05:55,152 - wallet_gui - INFO - Found 0 tokens in wallet
2025-05-16 10:05:56,217 - wallet_gui - INFO - Found 0 tokens in wallet
2025-05-16 10:05:57,348 - wallet_gui - INFO - Found 0 tokens in wallet
2025-05-16 10:05:58,403 - wallet_gui - INFO - Found 0 tokens in wallet
2025-05-16 10:05:59,495 - wallet_gui - INFO - Found 0 tokens in wallet
2025-05-16 10:06:00,531 - wallet_gui - INFO - Found 0 tokens in wallet
2025-05-16 10:06:01,571 - wallet_gui - INFO - Found 0 tokens in wallet
2025-05-16 10:06:02,629 - wallet_gui - INFO - Found 0 tokens in wallet
2025-05-16 10:06:03,656 - wallet_gui - INFO - Found 0 tokens in wallet
2025-05-16 10:06:04,735 - wallet_gui - INFO - Found 0 tokens in wallet
2025-05-16 10:06:05,944 - wallet_gui - INFO - Found 0 tokens in wallet
2025-05-16 10:06:07,138 - wallet_gui - INFO - Found 0 tokens in wallet
2025-05-16 10:06:08,232 - wallet_gui - INFO - Found 0 tokens in wallet
2025-05-16 10:06:09,421 - wallet_gui - INFO - Found 0 tokens in wallet
2025-05-16 10:06:10,433 - wallet_gui - INFO - Found 0 tokens in wallet
2025-05-16 10:06:11,510 - wallet_gui - INFO - Found 0 tokens in wallet
2025-05-16 10:06:12,561 - wallet_gui - INFO - Found 0 tokens in wallet
2025-05-16 10:06:13,628 - wallet_gui - INFO - Found 0 tokens in wallet
2025-05-16 10:06:14,733 - wallet_gui - INFO - Found 0 tokens in wallet
2025-05-16 10:06:15,735 - wallet_gui - INFO - Found 0 tokens in wallet
2025-05-16 10:06:16,859 - wallet_gui - INFO - Found 0 tokens in wallet
2025-05-16 10:06:17,972 - wallet_gui - INFO - Found 0 tokens in wallet
2025-05-16 10:06:19,158 - wallet_gui - INFO - Found 0 tokens in wallet
2025-05-16 10:06:20,264 - wallet_gui - INFO - Found 0 tokens in wallet
2025-05-16 10:06:21,393 - wallet_gui - INFO - Found 0 tokens in wallet
2025-05-16 10:06:22,424 - wallet_gui - INFO - Found 0 tokens in wallet
2025-05-16 10:06:23,494 - wallet_gui - INFO - Found 0 tokens in wallet
2025-05-16 10:06:24,681 - wallet_gui - INFO - Found 0 tokens in wallet
2025-05-16 10:06:25,854 - wallet_gui - INFO - Found 0 tokens in wallet
2025-05-16 10:06:26,909 - wallet_gui - INFO - Found 0 tokens in wallet
2025-05-16 10:06:27,956 - wallet_gui - INFO - Found 0 tokens in wallet
2025-05-16 10:06:28,978 - wallet_gui - INFO - Found 0 tokens in wallet
2025-05-16 10:06:29,994 - wallet_gui - INFO - Found 0 tokens in wallet
2025-05-16 10:06:31,025 - wallet_gui - INFO - Found 0 tokens in wallet
2025-05-16 10:06:32,074 - wallet_gui - INFO - New token detected: J27UYHX5oeaG1YbUGQc8BmJySXDjNWChdGB2Pi2TMDAq
2025-05-16 10:06:33,504 - wallet_gui - INFO - Updated price for J27UYHX5oeaG1YbUGQc8BmJySXDjNWChdGB2Pi2TMDAq: 2.2876e-05 SOL
2025-05-16 10:06:33,516 - wallet_gui - INFO - Found 1 tokens in wallet
2025-05-16 10:06:34,660 - wallet_gui - INFO - Found 1 tokens in wallet
2025-05-16 10:06:35,788 - wallet_gui - INFO - Found 1 tokens in wallet
2025-05-16 10:06:37,048 - wallet_gui - INFO - Found 1 tokens in wallet
2025-05-16 10:06:38,044 - wallet_gui - INFO - Found 1 tokens in wallet
2025-05-16 10:06:39,135 - wallet_gui - INFO - Found 1 tokens in wallet
2025-05-16 10:06:40,193 - wallet_gui - INFO - Found 1 tokens in wallet
2025-05-16 10:06:41,277 - wallet_gui - INFO - Found 1 tokens in wallet
2025-05-16 10:06:42,336 - wallet_gui - INFO - Found 1 tokens in wallet
2025-05-16 10:06:43,550 - wallet_gui - INFO - Found 1 tokens in wallet
2025-05-16 10:06:44,631 - wallet_gui - INFO - Found 1 tokens in wallet
2025-05-16 10:06:45,684 - wallet_gui - INFO - Found 1 tokens in wallet
2025-05-16 10:06:46,756 - wallet_gui - INFO - Found 1 tokens in wallet
2025-05-16 10:06:47,859 - wallet_gui - INFO - Found 1 tokens in wallet
2025-05-16 10:06:49,069 - wallet_gui - INFO - Found 1 tokens in wallet
2025-05-16 10:06:50,115 - wallet_gui - INFO - Found 1 tokens in wallet
2025-05-16 10:06:51,161 - wallet_gui - INFO - Found 1 tokens in wallet
2025-05-16 10:06:52,203 - wallet_gui - INFO - Found 1 tokens in wallet
2025-05-16 10:06:53,218 - wallet_gui - INFO - Found 1 tokens in wallet
2025-05-16 10:06:54,401 - wallet_gui - INFO - Found 1 tokens in wallet
2025-05-16 10:06:56,543 - wallet_gui - INFO - Found 1 tokens in wallet
2025-05-16 10:06:57,544 - wallet_gui - INFO - Found 1 tokens in wallet
2025-05-16 10:06:58,829 - wallet_gui - INFO - Found 1 tokens in wallet
2025-05-16 10:06:59,987 - wallet_gui - INFO - Found 1 tokens in wallet
2025-05-16 10:07:01,204 - wallet_gui - INFO - Found 1 tokens in wallet
2025-05-16 10:07:02,287 - wallet_gui - INFO - Found 1 tokens in wallet
2025-05-16 10:07:03,397 - wallet_gui - INFO - Found 1 tokens in wallet
2025-05-16 10:07:04,681 - wallet_gui - INFO - Found 1 tokens in wallet
2025-05-16 10:07:05,930 - wallet_gui - INFO - Found 1 tokens in wallet
2025-05-16 10:07:07,192 - wallet_gui - INFO - Found 1 tokens in wallet
2025-05-16 10:07:08,344 - wallet_gui - INFO - Found 1 tokens in wallet
2025-05-16 10:07:09,520 - wallet_gui - INFO - Found 1 tokens in wallet
2025-05-16 10:07:10,791 - wallet_gui - INFO - Found 1 tokens in wallet
2025-05-16 10:07:12,010 - wallet_gui - INFO - Found 1 tokens in wallet
2025-05-16 10:07:13,258 - wallet_gui - INFO - Found 1 tokens in wallet
2025-05-16 10:07:14,475 - wallet_gui - INFO - Found 1 tokens in wallet
2025-05-16 10:07:15,781 - wallet_gui - INFO - Found 1 tokens in wallet
2025-05-16 10:07:17,039 - wallet_gui - INFO - Found 1 tokens in wallet
2025-05-16 10:07:18,243 - wallet_gui - INFO - Found 1 tokens in wallet
2025-05-16 10:07:19,479 - wallet_gui - INFO - Found 1 tokens in wallet
2025-05-16 10:07:20,700 - wallet_gui - INFO - Found 1 tokens in wallet
2025-05-16 10:07:21,934 - wallet_gui - INFO - Found 1 tokens in wallet
2025-05-16 10:07:23,132 - wallet_gui - INFO - Found 1 tokens in wallet
2025-05-16 10:07:24,390 - wallet_gui - INFO - Found 1 tokens in wallet
2025-05-16 10:07:25,712 - wallet_gui - INFO - Found 1 tokens in wallet
2025-05-16 10:07:26,934 - wallet_gui - INFO - Found 1 tokens in wallet
2025-05-16 10:07:28,174 - wallet_gui - INFO - Found 1 tokens in wallet
2025-05-16 10:07:29,328 - wallet_gui - INFO - Found 1 tokens in wallet
2025-05-16 10:07:30,330 - wallet_gui - INFO - Found 1 tokens in wallet
2025-05-16 10:07:31,347 - wallet_gui - INFO - Found 1 tokens in wallet
2025-05-16 10:07:32,337 - wallet_gui - INFO - Found 1 tokens in wallet
2025-05-16 10:07:33,397 - wallet_gui - INFO - Found 1 tokens in wallet
2025-05-16 10:07:34,513 - wallet_gui - INFO - Found 1 tokens in wallet
2025-05-16 10:07:35,519 - wallet_gui - INFO - Found 1 tokens in wallet
2025-05-16 10:07:36,524 - wallet_gui - INFO - Found 1 tokens in wallet
2025-05-16 10:07:37,614 - wallet_gui - INFO - Found 1 tokens in wallet
2025-05-16 10:07:38,634 - wallet_gui - INFO - Found 1 tokens in wallet
2025-05-16 10:07:39,819 - wallet_gui - INFO - Found 1 tokens in wallet
2025-05-16 10:07:40,823 - wallet_gui - INFO - Found 1 tokens in wallet
2025-05-16 10:07:41,814 - wallet_gui - INFO - Found 1 tokens in wallet
2025-05-16 10:07:42,789 - wallet_gui - INFO - Found 1 tokens in wallet
2025-05-16 10:07:43,942 - wallet_gui - INFO - Found 1 tokens in wallet
2025-05-16 10:07:45,050 - wallet_gui - INFO - Found 1 tokens in wallet
2025-05-16 10:07:46,069 - wallet_gui - INFO - Found 1 tokens in wallet
2025-05-16 10:07:47,034 - wallet_gui - INFO - Found 1 tokens in wallet
2025-05-16 10:07:47,999 - wallet_gui - INFO - Found 1 tokens in wallet
2025-05-16 10:07:49,023 - wallet_gui - INFO - Found 1 tokens in wallet
2025-05-16 10:07:50,072 - wallet_gui - INFO - Found 1 tokens in wallet
2025-05-16 10:07:51,060 - wallet_gui - INFO - Found 1 tokens in wallet
2025-05-16 10:07:52,002 - wallet_gui - INFO - Found 1 tokens in wallet
2025-05-16 10:07:52,994 - wallet_gui - INFO - Found 1 tokens in wallet
2025-05-16 10:07:53,972 - wallet_gui - INFO - Found 1 tokens in wallet
2025-05-16 10:07:55,000 - wallet_gui - INFO - Found 1 tokens in wallet
2025-05-16 10:07:56,148 - wallet_gui - INFO - Found 1 tokens in wallet
2025-05-16 10:07:57,129 - wallet_gui - INFO - Found 1 tokens in wallet
2025-05-16 10:07:58,222 - wallet_gui - INFO - Found 1 tokens in wallet
2025-05-16 10:07:59,187 - wallet_gui - INFO - Found 1 tokens in wallet
2025-05-16 10:08:00,387 - wallet_gui - INFO - Found 1 tokens in wallet
2025-05-16 10:08:01,595 - wallet_gui - INFO - Found 1 tokens in wallet
2025-05-16 10:08:02,758 - wallet_gui - INFO - Found 1 tokens in wallet
2025-05-16 10:08:03,917 - wallet_gui - INFO - Found 1 tokens in wallet
2025-05-16 10:08:05,151 - wallet_gui - INFO - Found 1 tokens in wallet
2025-05-16 10:08:06,396 - wallet_gui - INFO - Found 1 tokens in wallet
2025-05-16 10:08:07,556 - wallet_gui - INFO - Found 1 tokens in wallet
2025-05-16 10:08:08,739 - wallet_gui - INFO - Found 1 tokens in wallet
2025-05-16 10:08:09,986 - wallet_gui - INFO - Found 1 tokens in wallet
2025-05-16 10:08:11,146 - wallet_gui - INFO - Found 1 tokens in wallet
2025-05-16 10:08:12,319 - wallet_gui - INFO - Found 1 tokens in wallet
2025-05-16 10:08:13,499 - wallet_gui - INFO - Found 1 tokens in wallet
2025-05-16 10:08:14,696 - wallet_gui - INFO - Found 1 tokens in wallet
2025-05-16 10:08:15,875 - wallet_gui - INFO - Found 1 tokens in wallet
2025-05-16 10:08:17,056 - wallet_gui - INFO - Found 1 tokens in wallet
2025-05-16 10:08:18,248 - wallet_gui - INFO - Found 1 tokens in wallet
2025-05-16 10:08:19,426 - wallet_gui - INFO - Found 1 tokens in wallet
2025-05-16 10:08:20,613 - wallet_gui - INFO - Found 1 tokens in wallet
2025-05-16 10:08:21,767 - wallet_gui - INFO - Found 1 tokens in wallet
2025-05-16 10:08:22,922 - wallet_gui - INFO - Found 1 tokens in wallet
2025-05-16 10:08:23,985 - wallet_gui - INFO - Found 1 tokens in wallet
2025-05-16 10:08:25,150 - wallet_gui - INFO - Found 1 tokens in wallet
2025-05-16 10:08:26,134 - wallet_gui - INFO - Found 1 tokens in wallet
2025-05-16 10:08:27,196 - wallet_gui - INFO - Found 1 tokens in wallet
2025-05-16 10:08:28,299 - wallet_gui - INFO - Found 1 tokens in wallet
2025-05-16 10:08:29,372 - wallet_gui - INFO - Found 1 tokens in wallet
2025-05-16 10:08:30,435 - wallet_gui - INFO - Found 1 tokens in wallet
2025-05-16 10:08:31,459 - wallet_gui - INFO - Found 1 tokens in wallet
2025-05-16 10:08:32,445 - wallet_gui - INFO - Found 1 tokens in wallet
2025-05-16 10:08:33,506 - wallet_gui - INFO - Found 1 tokens in wallet
2025-05-16 10:08:34,558 - wallet_gui - INFO - Found 1 tokens in wallet
2025-05-16 10:08:35,607 - wallet_gui - INFO - Found 1 tokens in wallet
2025-05-16 10:08:36,644 - wallet_gui - INFO - Found 1 tokens in wallet
2025-05-16 10:08:36,859 - wallet_gui - INFO - Exiting application
2025-05-16 10:08:36,877 - wallet_gui - INFO - GUI closed
2025-05-16 10:10:12,336 - wallet_gui - INFO - Starting wallet GUI monitor for B55Us2Me3QrBKYQGquTaGEw85KUz9mcBPdaHbfoGkdtJ
2025-05-16 10:10:12,512 - wallet_gui - INFO - GUI window created successfully
2025-05-16 10:10:13,220 - wallet_gui - INFO - New token detected: J27UYHX5oeaG1YbUGQc8BmJySXDjNWChdGB2Pi2TMDAq
2025-05-16 10:10:14,678 - wallet_gui - INFO - Found 1 tokens in wallet
2025-05-16 10:10:16,515 - wallet_gui - INFO - Found 1 tokens in wallet
2025-05-16 10:10:18,278 - wallet_gui - INFO - Found 1 tokens in wallet
2025-05-16 10:10:20,100 - wallet_gui - INFO - Found 1 tokens in wallet
2025-05-16 10:10:21,810 - wallet_gui - INFO - Found 1 tokens in wallet
2025-05-16 10:10:23,551 - wallet_gui - INFO - Found 1 tokens in wallet
2025-05-16 10:10:25,443 - wallet_gui - INFO - Found 1 tokens in wallet
2025-05-16 10:10:27,194 - wallet_gui - INFO - Found 1 tokens in wallet
2025-05-16 10:10:28,793 - wallet_gui - INFO - Found 1 tokens in wallet
2025-05-16 10:10:30,387 - wallet_gui - INFO - Found 1 tokens in wallet
2025-05-16 10:10:32,108 - wallet_gui - INFO - Found 1 tokens in wallet
2025-05-16 10:10:33,867 - wallet_gui - INFO - Found 1 tokens in wallet
2025-05-16 10:10:35,724 - wallet_gui - INFO - Found 1 tokens in wallet
2025-05-16 10:10:37,443 - wallet_gui - INFO - Found 1 tokens in wallet
2025-05-16 10:10:39,187 - wallet_gui - INFO - Found 1 tokens in wallet
2025-05-16 10:10:40,972 - wallet_gui - INFO - Found 1 tokens in wallet
2025-05-16 10:10:42,727 - wallet_gui - INFO - Found 1 tokens in wallet
2025-05-16 10:10:44,328 - wallet_gui - INFO - Found 1 tokens in wallet
2025-05-16 10:10:46,325 - wallet_gui - INFO - Found 1 tokens in wallet
2025-05-16 10:10:48,031 - wallet_gui - INFO - Found 1 tokens in wallet
2025-05-16 10:10:49,768 - wallet_gui - INFO - Found 1 tokens in wallet
2025-05-16 10:10:51,569 - wallet_gui - INFO - Found 1 tokens in wallet
2025-05-16 10:10:53,510 - wallet_gui - INFO - Found 1 tokens in wallet
2025-05-16 10:10:55,325 - wallet_gui - INFO - Found 1 tokens in wallet
2025-05-16 10:10:57,130 - wallet_gui - INFO - Found 1 tokens in wallet
2025-05-16 10:10:59,109 - wallet_gui - INFO - Found 1 tokens in wallet
2025-05-16 10:11:01,110 - wallet_gui - INFO - Found 1 tokens in wallet
2025-05-16 10:11:03,068 - wallet_gui - INFO - Found 1 tokens in wallet
2025-05-16 10:11:05,241 - wallet_gui - INFO - Found 1 tokens in wallet
2025-05-16 10:11:07,312 - wallet_gui - INFO - Found 1 tokens in wallet
2025-05-16 10:11:09,361 - wallet_gui - INFO - Found 1 tokens in wallet
2025-05-16 10:11:11,399 - wallet_gui - INFO - Found 1 tokens in wallet
2025-05-16 10:11:13,438 - wallet_gui - INFO - Found 1 tokens in wallet
2025-05-16 10:11:15,477 - wallet_gui - INFO - Found 1 tokens in wallet
2025-05-16 10:11:15,987 - wallet_gui - INFO - API calls in the last minute: 34
2025-05-16 10:11:17,560 - wallet_gui - INFO - Found 1 tokens in wallet
2025-05-16 10:11:19,635 - wallet_gui - INFO - Found 1 tokens in wallet
2025-05-16 10:11:21,671 - wallet_gui - INFO - Found 1 tokens in wallet
2025-05-16 10:11:23,635 - wallet_gui - INFO - Found 1 tokens in wallet
2025-05-16 10:11:25,720 - wallet_gui - INFO - Found 1 tokens in wallet
2025-05-16 10:11:27,731 - wallet_gui - INFO - Found 1 tokens in wallet
2025-05-16 10:11:29,746 - wallet_gui - INFO - Found 1 tokens in wallet
2025-05-16 10:11:31,785 - wallet_gui - INFO - Found 1 tokens in wallet
2025-05-16 10:11:33,854 - wallet_gui - INFO - Found 1 tokens in wallet
2025-05-16 10:11:35,889 - wallet_gui - INFO - Found 1 tokens in wallet
2025-05-16 10:11:37,880 - wallet_gui - INFO - Found 1 tokens in wallet
2025-05-16 10:11:39,846 - wallet_gui - INFO - Found 1 tokens in wallet
2025-05-16 10:11:41,891 - wallet_gui - INFO - Found 1 tokens in wallet
2025-05-16 10:11:43,901 - wallet_gui - INFO - Found 1 tokens in wallet
2025-05-16 10:11:46,056 - wallet_gui - INFO - Found 1 tokens in wallet
2025-05-16 10:11:48,090 - wallet_gui - INFO - Found 1 tokens in wallet
2025-05-16 10:11:50,426 - wallet_gui - INFO - Found 1 tokens in wallet
2025-05-16 10:11:52,464 - wallet_gui - INFO - Found 1 tokens in wallet
2025-05-16 10:11:54,487 - wallet_gui - INFO - Found 1 tokens in wallet
2025-05-16 10:11:56,590 - wallet_gui - INFO - Found 1 tokens in wallet
2025-05-16 10:11:58,565 - wallet_gui - INFO - Found 1 tokens in wallet
2025-05-16 10:12:00,556 - wallet_gui - INFO - Found 1 tokens in wallet
2025-05-16 10:12:02,580 - wallet_gui - INFO - Found 1 tokens in wallet
2025-05-16 10:12:04,760 - wallet_gui - INFO - Found 1 tokens in wallet
2025-05-16 10:12:06,768 - wallet_gui - INFO - Found 1 tokens in wallet
2025-05-16 10:12:08,772 - wallet_gui - INFO - Found 1 tokens in wallet
2025-05-16 10:12:10,736 - wallet_gui - INFO - Found 1 tokens in wallet
2025-05-16 10:12:12,743 - wallet_gui - INFO - Found 1 tokens in wallet
2025-05-16 10:12:14,776 - wallet_gui - INFO - Found 1 tokens in wallet
2025-05-16 10:12:17,174 - wallet_gui - INFO - Found 1 tokens in wallet
2025-05-16 10:12:17,688 - wallet_gui - INFO - API calls in the last minute: 30
2025-05-16 10:12:19,269 - wallet_gui - INFO - Found 1 tokens in wallet
2025-05-16 10:12:21,359 - wallet_gui - INFO - Found 1 tokens in wallet
2025-05-16 10:12:23,394 - wallet_gui - INFO - Found 1 tokens in wallet
2025-05-16 10:12:25,379 - wallet_gui - INFO - Found 1 tokens in wallet
2025-05-16 10:12:27,431 - wallet_gui - INFO - Found 1 tokens in wallet
2025-05-16 10:12:29,476 - wallet_gui - INFO - Found 1 tokens in wallet
2025-05-16 10:12:31,812 - wallet_gui - INFO - Found 1 tokens in wallet
2025-05-16 10:12:33,883 - wallet_gui - INFO - Found 1 tokens in wallet
2025-05-16 10:12:35,926 - wallet_gui - INFO - Found 1 tokens in wallet
2025-05-16 10:12:37,991 - wallet_gui - INFO - Found 1 tokens in wallet
2025-05-16 10:12:40,115 - wallet_gui - INFO - Found 1 tokens in wallet
2025-05-16 10:12:42,196 - wallet_gui - INFO - Found 1 tokens in wallet
2025-05-16 10:12:44,277 - wallet_gui - INFO - Found 1 tokens in wallet
2025-05-16 10:12:46,376 - wallet_gui - INFO - Found 1 tokens in wallet
2025-05-16 10:12:48,231 - wallet_gui - INFO - Found 1 tokens in wallet
2025-05-16 10:12:50,093 - wallet_gui - INFO - Found 1 tokens in wallet
2025-05-16 10:12:52,197 - wallet_gui - INFO - Found 1 tokens in wallet
2025-05-16 10:12:54,237 - wallet_gui - INFO - Found 1 tokens in wallet
2025-05-16 10:12:56,262 - wallet_gui - INFO - Found 1 tokens in wallet
2025-05-16 10:12:58,322 - wallet_gui - INFO - Found 1 tokens in wallet
2025-05-16 10:13:00,349 - wallet_gui - INFO - Found 1 tokens in wallet
2025-05-16 10:13:02,454 - wallet_gui - INFO - Found 1 tokens in wallet
2025-05-16 10:13:04,481 - wallet_gui - INFO - Found 1 tokens in wallet
2025-05-16 10:13:06,520 - wallet_gui - INFO - Found 1 tokens in wallet
2025-05-16 10:13:08,598 - wallet_gui - INFO - Found 1 tokens in wallet
2025-05-16 10:13:10,603 - wallet_gui - INFO - Found 1 tokens in wallet
2025-05-16 10:13:12,725 - wallet_gui - INFO - Found 1 tokens in wallet
2025-05-16 10:13:14,802 - wallet_gui - INFO - Found 1 tokens in wallet
2025-05-16 10:13:16,957 - wallet_gui - INFO - Found 1 tokens in wallet
2025-05-16 10:13:18,993 - wallet_gui - INFO - Found 1 tokens in wallet
2025-05-16 10:13:19,505 - wallet_gui - INFO - API calls in the last minute: 30
2025-05-16 10:13:21,051 - wallet_gui - INFO - Found 1 tokens in wallet
2025-05-16 10:13:23,156 - wallet_gui - INFO - Found 1 tokens in wallet
2025-05-16 10:13:25,244 - wallet_gui - INFO - Found 1 tokens in wallet
2025-05-16 10:13:27,627 - wallet_gui - INFO - Found 1 tokens in wallet
2025-05-16 10:13:29,928 - wallet_gui - INFO - Found 1 tokens in wallet
2025-05-16 10:13:32,118 - wallet_gui - INFO - Found 1 tokens in wallet
2025-05-16 10:13:34,110 - wallet_gui - INFO - Found 1 tokens in wallet
2025-05-16 10:13:36,161 - wallet_gui - INFO - Found 1 tokens in wallet
2025-05-16 10:13:38,245 - wallet_gui - INFO - Found 1 tokens in wallet
2025-05-16 10:13:40,323 - wallet_gui - INFO - Found 1 tokens in wallet
2025-05-16 10:13:42,443 - wallet_gui - INFO - Found 1 tokens in wallet
2025-05-16 10:13:44,464 - wallet_gui - INFO - Found 1 tokens in wallet
2025-05-16 10:13:46,813 - wallet_gui - INFO - Found 1 tokens in wallet
2025-05-16 10:13:48,769 - wallet_gui - INFO - Found 1 tokens in wallet
2025-05-16 10:13:50,837 - wallet_gui - INFO - Found 1 tokens in wallet
2025-05-16 10:13:52,912 - wallet_gui - INFO - Found 1 tokens in wallet
2025-05-16 10:13:55,006 - wallet_gui - INFO - Found 1 tokens in wallet
2025-05-16 10:13:57,238 - wallet_gui - INFO - Found 1 tokens in wallet
2025-05-16 10:13:59,304 - wallet_gui - INFO - Found 1 tokens in wallet
2025-05-16 10:14:01,437 - wallet_gui - INFO - Found 1 tokens in wallet
2025-05-16 10:14:03,460 - wallet_gui - INFO - Found 1 tokens in wallet
2025-05-16 10:14:05,513 - wallet_gui - INFO - Found 1 tokens in wallet
2025-05-16 10:14:07,599 - wallet_gui - INFO - Found 1 tokens in wallet
2025-05-16 10:14:09,720 - wallet_gui - INFO - Found 1 tokens in wallet
2025-05-16 10:14:11,786 - wallet_gui - INFO - Found 1 tokens in wallet
2025-05-16 10:14:13,853 - wallet_gui - INFO - Found 1 tokens in wallet
2025-05-16 10:14:15,892 - wallet_gui - INFO - Found 1 tokens in wallet
2025-05-16 10:14:18,021 - wallet_gui - INFO - Found 1 tokens in wallet
2025-05-16 10:14:20,107 - wallet_gui - INFO - Found 1 tokens in wallet
2025-05-16 10:14:20,609 - wallet_gui - INFO - API calls in the last minute: 29
2025-05-16 10:14:22,282 - wallet_gui - INFO - Found 1 tokens in wallet
2025-05-16 10:14:24,331 - wallet_gui - INFO - Found 1 tokens in wallet
2025-05-16 10:14:26,346 - wallet_gui - INFO - Found 1 tokens in wallet
2025-05-16 10:14:28,398 - wallet_gui - INFO - Found 1 tokens in wallet
2025-05-16 10:14:30,387 - wallet_gui - INFO - Found 1 tokens in wallet
2025-05-16 10:14:32,521 - wallet_gui - INFO - Found 1 tokens in wallet
2025-05-16 10:14:34,702 - wallet_gui - INFO - Found 1 tokens in wallet
2025-05-16 10:14:36,708 - wallet_gui - INFO - Found 1 tokens in wallet
2025-05-16 10:14:38,733 - wallet_gui - INFO - Found 1 tokens in wallet
2025-05-16 10:14:40,791 - wallet_gui - INFO - Found 1 tokens in wallet
2025-05-16 10:14:42,838 - wallet_gui - INFO - Found 1 tokens in wallet
2025-05-16 10:14:44,914 - wallet_gui - INFO - Found 1 tokens in wallet
2025-05-16 10:14:46,981 - wallet_gui - INFO - Found 1 tokens in wallet
2025-05-16 10:14:49,334 - wallet_gui - INFO - Found 1 tokens in wallet
2025-05-16 10:14:51,365 - wallet_gui - INFO - Found 1 tokens in wallet
2025-05-16 10:14:53,527 - wallet_gui - INFO - Found 1 tokens in wallet
2025-05-16 10:14:55,504 - wallet_gui - INFO - Found 1 tokens in wallet
2025-05-16 10:14:57,299 - wallet_gui - INFO - Found 1 tokens in wallet
2025-05-16 10:14:59,050 - wallet_gui - INFO - Found 1 tokens in wallet
2025-05-16 10:15:00,728 - wallet_gui - INFO - Found 1 tokens in wallet
2025-05-16 10:15:02,506 - wallet_gui - INFO - Found 1 tokens in wallet
2025-05-16 10:15:04,277 - wallet_gui - INFO - Found 1 tokens in wallet
2025-05-16 10:15:06,013 - wallet_gui - INFO - Found 1 tokens in wallet
2025-05-16 10:15:07,881 - wallet_gui - INFO - Found 1 tokens in wallet
2025-05-16 10:15:09,528 - wallet_gui - INFO - Found 1 tokens in wallet
2025-05-16 10:15:11,283 - wallet_gui - INFO - Found 1 tokens in wallet
2025-05-16 10:15:13,487 - wallet_gui - INFO - Found 1 tokens in wallet
2025-05-16 10:15:15,316 - wallet_gui - INFO - Found 1 tokens in wallet
2025-05-16 10:15:17,008 - wallet_gui - INFO - Found 1 tokens in wallet
2025-05-16 10:15:18,708 - wallet_gui - INFO - Exiting application
2025-05-16 10:15:18,727 - wallet_gui - INFO - GUI closed
2025-05-16 10:17:08,401 - wallet_gui - INFO - Starting wallet GUI monitor for B55Us2Me3QrBKYQGquTaGEw85KUz9mcBPdaHbfoGkdtJ
2025-05-16 10:17:08,584 - wallet_gui - INFO - GUI window created successfully
2025-05-16 10:17:09,195 - wallet_gui - INFO - New token detected: J27UYHX5oeaG1YbUGQc8BmJySXDjNWChdGB2Pi2TMDAq
2025-05-16 10:17:10,655 - wallet_gui - INFO - Recorded initial price for J27UYHX5oeaG1YbUGQc8BmJySXDjNWChdGB2Pi2TMDAq: 2.5295e-05 SOL
2025-05-16 10:17:10,667 - wallet_gui - INFO - Found 1 tokens in wallet
2025-05-16 10:17:12,416 - wallet_gui - INFO - Found 1 tokens in wallet
2025-05-16 10:17:14,070 - wallet_gui - INFO - Found 1 tokens in wallet
2025-05-16 10:17:15,757 - wallet_gui - INFO - Found 1 tokens in wallet
2025-05-16 10:17:17,468 - wallet_gui - INFO - Found 1 tokens in wallet
2025-05-16 10:17:19,172 - wallet_gui - INFO - Found 1 tokens in wallet
2025-05-16 10:17:21,058 - wallet_gui - INFO - Found 1 tokens in wallet
2025-05-16 10:17:22,713 - wallet_gui - INFO - Found 1 tokens in wallet
2025-05-16 10:17:24,592 - wallet_gui - INFO - Found 1 tokens in wallet
2025-05-16 10:17:26,275 - wallet_gui - INFO - Found 1 tokens in wallet
2025-05-16 10:17:27,976 - wallet_gui - INFO - Found 1 tokens in wallet
2025-05-16 10:17:29,868 - wallet_gui - INFO - Found 1 tokens in wallet
2025-05-16 10:17:31,672 - wallet_gui - INFO - Found 1 tokens in wallet
2025-05-16 10:17:33,449 - wallet_gui - INFO - Found 1 tokens in wallet
2025-05-16 10:17:35,335 - wallet_gui - INFO - Found 1 tokens in wallet
2025-05-16 10:17:37,222 - wallet_gui - INFO - Found 1 tokens in wallet
2025-05-16 10:17:39,283 - wallet_gui - INFO - Found 1 tokens in wallet
2025-05-16 10:17:41,124 - wallet_gui - INFO - Found 1 tokens in wallet
2025-05-16 10:17:42,924 - wallet_gui - INFO - Found 1 tokens in wallet
2025-05-16 10:17:44,829 - wallet_gui - INFO - Found 1 tokens in wallet
2025-05-16 10:17:46,657 - wallet_gui - INFO - Found 1 tokens in wallet
2025-05-16 10:17:48,545 - wallet_gui - INFO - Found 1 tokens in wallet
2025-05-16 10:17:50,286 - wallet_gui - INFO - Found 1 tokens in wallet
2025-05-16 10:17:52,297 - wallet_gui - INFO - Found 1 tokens in wallet
2025-05-16 10:17:54,206 - wallet_gui - INFO - Found 1 tokens in wallet
2025-05-16 10:17:55,891 - wallet_gui - INFO - Found 1 tokens in wallet
2025-05-16 10:17:57,702 - wallet_gui - INFO - Found 1 tokens in wallet
2025-05-16 10:17:59,412 - wallet_gui - INFO - Found 1 tokens in wallet
2025-05-16 10:18:01,180 - wallet_gui - INFO - Found 1 tokens in wallet
2025-05-16 10:18:02,855 - wallet_gui - INFO - Found 1 tokens in wallet
2025-05-16 10:18:04,687 - wallet_gui - INFO - Found 1 tokens in wallet
2025-05-16 10:18:06,657 - wallet_gui - INFO - Found 1 tokens in wallet
2025-05-16 10:18:08,435 - wallet_gui - INFO - Found 1 tokens in wallet
2025-05-16 10:18:10,231 - wallet_gui - INFO - Found 1 tokens in wallet
2025-05-16 10:18:10,733 - wallet_gui - INFO - API calls in the last minute: 34
2025-05-16 10:18:12,097 - wallet_gui - INFO - Found 1 tokens in wallet
2025-05-16 10:18:13,811 - wallet_gui - INFO - Found 1 tokens in wallet
2025-05-16 10:18:15,561 - wallet_gui - INFO - Found 1 tokens in wallet
2025-05-16 10:18:17,127 - wallet_gui - INFO - Found 1 tokens in wallet
2025-05-16 10:18:18,939 - wallet_gui - INFO - Found 1 tokens in wallet
2025-05-16 10:18:20,681 - wallet_gui - INFO - Found 1 tokens in wallet
2025-05-16 10:18:22,481 - wallet_gui - INFO - Found 1 tokens in wallet
2025-05-16 10:18:24,345 - wallet_gui - INFO - Found 1 tokens in wallet
2025-05-16 10:18:26,082 - wallet_gui - INFO - Found 1 tokens in wallet
2025-05-16 10:18:27,672 - wallet_gui - INFO - Found 1 tokens in wallet
2025-05-16 10:18:29,443 - wallet_gui - INFO - Found 1 tokens in wallet
2025-05-16 10:18:31,393 - wallet_gui - INFO - Found 1 tokens in wallet
2025-05-16 10:18:33,090 - wallet_gui - INFO - Found 1 tokens in wallet
2025-05-16 10:18:35,294 - wallet_gui - INFO - Found 1 tokens in wallet
2025-05-16 10:18:37,293 - wallet_gui - INFO - Found 1 tokens in wallet
2025-05-16 10:18:39,291 - wallet_gui - INFO - Found 1 tokens in wallet
2025-05-16 10:18:41,341 - wallet_gui - INFO - Found 1 tokens in wallet
2025-05-16 10:18:43,494 - wallet_gui - INFO - Found 1 tokens in wallet
2025-05-16 10:18:45,555 - wallet_gui - INFO - Found 1 tokens in wallet
2025-05-16 10:18:47,572 - wallet_gui - INFO - Found 1 tokens in wallet
2025-05-16 10:18:49,621 - wallet_gui - INFO - Found 1 tokens in wallet
2025-05-16 10:18:51,749 - wallet_gui - INFO - Found 1 tokens in wallet
2025-05-16 10:18:53,833 - wallet_gui - INFO - Found 1 tokens in wallet
2025-05-16 10:18:55,886 - wallet_gui - INFO - Found 1 tokens in wallet
2025-05-16 10:18:58,050 - wallet_gui - INFO - Found 1 tokens in wallet
2025-05-16 10:19:00,032 - wallet_gui - INFO - Found 1 tokens in wallet
2025-05-16 10:19:02,180 - wallet_gui - INFO - Found 1 tokens in wallet
2025-05-16 10:19:04,263 - wallet_gui - INFO - Found 1 tokens in wallet
2025-05-16 10:19:06,293 - wallet_gui - INFO - Found 1 tokens in wallet
2025-05-16 10:19:08,223 - wallet_gui - INFO - Found 1 tokens in wallet
2025-05-16 10:19:10,497 - wallet_gui - INFO - ===== SELLING TOKEN: Polycule (J27UYHX5oeaG1YbUGQc8BmJySXDjNWChdGB2Pi2TMDAq) =====
2025-05-16 10:19:10,497 - wallet_gui - INFO - Reason: TIME-BASED TRIGGER: Token held for 121 seconds
2025-05-16 10:19:10,497 - wallet_gui - INFO - Amount: 1234.480217655 tokens
2025-05-16 10:19:10,498 - wallet_gui - INFO - Current price: 2.5304e-05 SOL per token
2025-05-16 10:19:10,498 - wallet_gui - INFO - Initial price: 2.5295e-05 SOL per token
2025-05-16 10:19:10,498 - wallet_gui - INFO - Current value: 0.03123728742754212 SOL
2025-05-16 10:19:10,498 - wallet_gui - INFO - Initial value: 0.031226177105583224 SOL
2025-05-16 10:19:10,498 - wallet_gui - INFO - Profit/Loss: 0.000011 SOL (0.04%)
2025-05-16 10:19:12,506 - wallet_gui - INFO - Found 1 tokens in wallet
2025-05-16 10:19:13,010 - wallet_gui - INFO - API calls in the last minute: 31
2025-05-16 10:19:13,729 - wallet_gui - INFO - Found 1 tokens in wallet
2025-05-16 10:19:14,756 - wallet_gui - INFO - Found 1 tokens in wallet
2025-05-16 10:19:15,828 - wallet_gui - INFO - Found 1 tokens in wallet
2025-05-16 10:19:16,907 - wallet_gui - INFO - Found 1 tokens in wallet
2025-05-16 10:19:17,993 - wallet_gui - INFO - Found 1 tokens in wallet
2025-05-16 10:19:19,075 - wallet_gui - INFO - Found 1 tokens in wallet
2025-05-16 10:19:20,153 - wallet_gui - INFO - Found 1 tokens in wallet
2025-05-16 10:19:21,224 - wallet_gui - INFO - Found 1 tokens in wallet
2025-05-16 10:19:22,356 - wallet_gui - INFO - Found 1 tokens in wallet
2025-05-16 10:19:23,460 - wallet_gui - INFO - Found 1 tokens in wallet
2025-05-16 10:19:24,503 - wallet_gui - INFO - Found 1 tokens in wallet
2025-05-16 10:19:25,523 - wallet_gui - INFO - Found 1 tokens in wallet
2025-05-16 10:19:26,584 - wallet_gui - INFO - Found 1 tokens in wallet
2025-05-16 10:19:27,621 - wallet_gui - INFO - Found 1 tokens in wallet
2025-05-16 10:19:28,862 - wallet_gui - INFO - Found 1 tokens in wallet
2025-05-16 10:19:29,958 - wallet_gui - INFO - Found 1 tokens in wallet
2025-05-16 10:19:30,561 - wallet_gui - INFO - Exiting application
2025-05-16 10:19:30,580 - wallet_gui - INFO - GUI closed
2025-05-16 10:20:40,466 - wallet_gui - INFO - Starting wallet GUI monitor for B55Us2Me3QrBKYQGquTaGEw85KUz9mcBPdaHbfoGkdtJ
2025-05-16 10:20:40,645 - wallet_gui - INFO - GUI window created successfully
2025-05-16 10:20:41,411 - wallet_gui - INFO - New token detected: J27UYHX5oeaG1YbUGQc8BmJySXDjNWChdGB2Pi2TMDAq
2025-05-16 10:20:42,799 - wallet_gui - INFO - Recorded initial price for J27UYHX5oeaG1YbUGQc8BmJySXDjNWChdGB2Pi2TMDAq: 2.5777e-05 SOL
2025-05-16 10:20:42,811 - wallet_gui - INFO - Found 1 tokens in wallet
2025-05-16 10:20:44,580 - wallet_gui - INFO - Found 1 tokens in wallet
2025-05-16 10:20:46,326 - wallet_gui - INFO - Found 1 tokens in wallet
2025-05-16 10:20:48,051 - wallet_gui - INFO - Found 1 tokens in wallet
2025-05-16 10:20:49,838 - wallet_gui - INFO - Found 1 tokens in wallet
2025-05-16 10:20:51,538 - wallet_gui - INFO - Found 1 tokens in wallet
2025-05-16 10:20:53,224 - wallet_gui - INFO - Found 1 tokens in wallet
2025-05-16 10:20:55,146 - wallet_gui - INFO - Found 1 tokens in wallet
2025-05-16 10:20:57,343 - wallet_gui - INFO - Found 1 tokens in wallet
2025-05-16 10:20:59,021 - wallet_gui - INFO - Found 1 tokens in wallet
2025-05-16 10:21:00,715 - wallet_gui - INFO - Found 1 tokens in wallet
2025-05-16 10:21:02,430 - wallet_gui - INFO - Found 1 tokens in wallet
2025-05-16 10:21:04,153 - wallet_gui - INFO - Found 1 tokens in wallet
2025-05-16 10:21:05,829 - wallet_gui - INFO - Found 1 tokens in wallet
2025-05-16 10:21:07,377 - wallet_gui - INFO - Found 1 tokens in wallet
2025-05-16 10:21:09,253 - wallet_gui - INFO - Found 1 tokens in wallet
2025-05-16 10:21:10,959 - wallet_gui - INFO - Found 1 tokens in wallet
2025-05-16 10:21:12,790 - wallet_gui - INFO - Found 1 tokens in wallet
2025-05-16 10:21:14,666 - wallet_gui - INFO - Found 1 tokens in wallet
2025-05-16 10:21:16,426 - wallet_gui - INFO - Found 1 tokens in wallet
2025-05-16 10:21:18,081 - wallet_gui - INFO - Found 1 tokens in wallet
2025-05-16 10:21:19,804 - wallet_gui - INFO - Found 1 tokens in wallet
2025-05-16 10:21:21,496 - wallet_gui - INFO - Found 1 tokens in wallet
2025-05-16 10:21:23,241 - wallet_gui - INFO - Found 1 tokens in wallet
2025-05-16 10:21:24,988 - wallet_gui - INFO - Found 1 tokens in wallet
2025-05-16 10:21:26,704 - wallet_gui - INFO - Found 1 tokens in wallet
2025-05-16 10:21:28,460 - wallet_gui - INFO - Found 1 tokens in wallet
2025-05-16 10:21:30,253 - wallet_gui - INFO - Found 1 tokens in wallet
2025-05-16 10:21:32,064 - wallet_gui - INFO - Found 1 tokens in wallet
2025-05-16 10:21:33,944 - wallet_gui - INFO - Found 1 tokens in wallet
2025-05-16 10:21:36,014 - wallet_gui - INFO - Found 1 tokens in wallet
2025-05-16 10:21:37,802 - wallet_gui - INFO - Found 1 tokens in wallet
2025-05-16 10:21:39,790 - wallet_gui - INFO - Found 1 tokens in wallet
2025-05-16 10:21:41,545 - wallet_gui - INFO - Found 1 tokens in wallet
2025-05-16 10:21:43,118 - wallet_gui - INFO - Found 1 tokens in wallet
2025-05-16 10:21:43,631 - wallet_gui - INFO - API calls in the last minute: 35
2025-05-16 10:21:44,920 - wallet_gui - INFO - Found 1 tokens in wallet
2025-05-16 10:21:46,757 - wallet_gui - INFO - Found 1 tokens in wallet
2025-05-16 10:21:48,550 - wallet_gui - INFO - Found 1 tokens in wallet
2025-05-16 10:21:50,297 - wallet_gui - INFO - Found 1 tokens in wallet
2025-05-16 10:21:52,168 - wallet_gui - INFO - Found 1 tokens in wallet
2025-05-16 10:21:54,317 - wallet_gui - INFO - Found 1 tokens in wallet
2025-05-16 10:21:55,908 - wallet_gui - INFO - Found 1 tokens in wallet
2025-05-16 10:21:57,674 - wallet_gui - INFO - Found 1 tokens in wallet
2025-05-16 10:21:59,363 - wallet_gui - INFO - Found 1 tokens in wallet
2025-05-16 10:22:01,289 - wallet_gui - INFO - Found 1 tokens in wallet
2025-05-16 10:22:03,232 - wallet_gui - INFO - Found 1 tokens in wallet
2025-05-16 10:22:05,224 - wallet_gui - INFO - Found 1 tokens in wallet
2025-05-16 10:22:06,870 - wallet_gui - INFO - Found 1 tokens in wallet
2025-05-16 10:22:08,815 - wallet_gui - INFO - ===== SELLING TOKEN: Polycule (J27UYHX5oeaG1YbUGQc8BmJySXDjNWChdGB2Pi2TMDAq) =====
2025-05-16 10:22:08,815 - wallet_gui - INFO - Reason: TAKE PROFIT TRIGGER: +290.8% profit reached
2025-05-16 10:22:08,815 - wallet_gui - INFO - Amount: 7523.383562685 tokens
2025-05-16 10:22:08,816 - wallet_gui - INFO - Current price: 2.5973e-05 SOL per token
2025-05-16 10:22:08,816 - wallet_gui - INFO - Current value: 0.19540484127361749 SOL
2025-05-16 10:22:08,816 - wallet_gui - INFO - Initial investment: 0.05 SOL
2025-05-16 10:22:08,816 - wallet_gui - INFO - Profit/Loss: 0.145405 SOL (290.81%)
2025-05-16 10:22:08,816 - wallet_gui - INFO - Time in wallet: 87 seconds
2025-05-16 10:22:10,832 - wallet_gui - INFO - Found 1 tokens in wallet
2025-05-16 10:22:11,941 - wallet_gui - INFO - Found 1 tokens in wallet
2025-05-16 10:22:12,952 - wallet_gui - INFO - Found 1 tokens in wallet
2025-05-16 10:22:14,175 - wallet_gui - INFO - Found 1 tokens in wallet
2025-05-16 10:22:15,323 - wallet_gui - INFO - Found 1 tokens in wallet
2025-05-16 10:22:16,327 - wallet_gui - INFO - Found 1 tokens in wallet
2025-05-16 10:22:17,421 - wallet_gui - INFO - Found 1 tokens in wallet
2025-05-16 10:22:18,487 - wallet_gui - INFO - Found 1 tokens in wallet
2025-05-16 10:22:19,724 - wallet_gui - INFO - Found 1 tokens in wallet
2025-05-16 10:22:20,914 - wallet_gui - INFO - Found 1 tokens in wallet
2025-05-16 10:22:22,145 - wallet_gui - INFO - Found 1 tokens in wallet
2025-05-16 10:22:23,148 - wallet_gui - INFO - Found 1 tokens in wallet
2025-05-16 10:22:24,191 - wallet_gui - INFO - Found 1 tokens in wallet
2025-05-16 10:22:25,407 - wallet_gui - INFO - Found 1 tokens in wallet
2025-05-16 10:22:26,598 - wallet_gui - INFO - Found 1 tokens in wallet
2025-05-16 10:22:27,787 - wallet_gui - INFO - Found 1 tokens in wallet
2025-05-16 10:22:28,839 - wallet_gui - INFO - Found 1 tokens in wallet
2025-05-16 10:22:30,032 - wallet_gui - INFO - Found 1 tokens in wallet
2025-05-16 10:22:31,030 - wallet_gui - INFO - Found 1 tokens in wallet
2025-05-16 10:22:32,239 - wallet_gui - INFO - Found 1 tokens in wallet
2025-05-16 10:22:33,284 - wallet_gui - INFO - Found 1 tokens in wallet
2025-05-16 10:22:34,504 - wallet_gui - INFO - Found 1 tokens in wallet
2025-05-16 10:22:35,496 - wallet_gui - INFO - Found 1 tokens in wallet
2025-05-16 10:22:36,577 - wallet_gui - INFO - Found 1 tokens in wallet
2025-05-16 10:22:37,811 - wallet_gui - INFO - Found 1 tokens in wallet
2025-05-16 10:22:39,005 - wallet_gui - INFO - Found 1 tokens in wallet
2025-05-16 10:22:40,096 - wallet_gui - INFO - Found 1 tokens in wallet
2025-05-16 10:22:41,136 - wallet_gui - INFO - Found 1 tokens in wallet
2025-05-16 10:22:42,372 - wallet_gui - INFO - Found 1 tokens in wallet
2025-05-16 10:22:43,568 - wallet_gui - INFO - Found 1 tokens in wallet
2025-05-16 10:22:44,073 - wallet_gui - INFO - API calls in the last minute: 14
2025-05-16 10:22:44,663 - wallet_gui - INFO - Found 1 tokens in wallet
2025-05-16 10:22:45,874 - wallet_gui - INFO - Found 1 tokens in wallet
2025-05-16 10:22:47,206 - wallet_gui - INFO - Found 1 tokens in wallet
2025-05-16 10:22:48,323 - wallet_gui - INFO - Found 1 tokens in wallet
2025-05-16 10:22:49,326 - wallet_gui - INFO - Found 1 tokens in wallet
2025-05-16 10:22:50,398 - wallet_gui - INFO - Found 1 tokens in wallet
2025-05-16 10:22:51,471 - wallet_gui - INFO - Found 1 tokens in wallet
2025-05-16 10:22:52,573 - wallet_gui - INFO - Found 1 tokens in wallet
2025-05-16 10:22:53,732 - wallet_gui - INFO - Found 1 tokens in wallet
2025-05-16 10:22:54,900 - wallet_gui - INFO - Found 1 tokens in wallet
2025-05-16 10:22:56,146 - wallet_gui - INFO - Found 1 tokens in wallet
2025-05-16 10:22:57,239 - wallet_gui - INFO - Found 1 tokens in wallet
2025-05-16 10:22:58,296 - wallet_gui - INFO - Found 0 tokens in wallet
2025-05-16 10:22:59,522 - wallet_gui - INFO - Found 0 tokens in wallet
2025-05-16 10:23:00,134 - wallet_gui - INFO - Exiting application
2025-05-16 10:23:00,156 - wallet_gui - INFO - GUI closed
